// Jest Snapshot v1, https://goo.gl/fbAQLP

exports[`Render the navbar Renders the navbar 1`] = `[Function]`;
